// Jest Snapshot v1, https://goo.gl/fbAQLP

exports[`empty content component test snapshot test should render correctly 1`] = `
<View
  accessibilityLabel="view-empty-content"
  style={
    Object {
      "alignItems": "center",
      "flex": 1,
      "justifyContent": "center",
    }
  }
  testID="view-empty-content"
>
  <Image
    accessibilityLabel="view-empty-content"
    source="test-file-stub"
    style={
      Object {
        "height": 200,
        "marginBottom": 20,
        "width": 200,
      }
    }
    testID="view-empty-content"
  />
  <Text>
    Data tidak ditemukan
  </Text>
</View>
`;
